
> client@0.0.0 build
> vite build

[36mvite v8.0.0-beta.16 [32mbuilding client environment for production...[36m[39m
[2K
transforming...Γ£ô 1053 modules transformed.
rendering chunks...
node.exe : [31mΓ£ù[39m Build failed in 1.73s
At line:1 char:1
+ & "C:\Program Files\nodejs/node.exe" 
"C:\Program Files\nodejs/node_mo ...
+ ~~~~~~~~~~~~~~~~~~~~~~~~~~~~~~~~~~~~~~~~~~~~~~~~
~~~~~~~~~~~~~~~~~~~~~
    + CategoryInfo          : NotSpecified: ([31 
   mΓ£ù[39m Build failed in 1.73s:String) [], R  
  emoteException
    + FullyQualifiedErrorId : NativeCommandError
 
[31merror during build:
[31mBuild failed with 1 error:

[31m[MISSING_EXPORT] Error:[0m "FiMegaphone" is 
not exported by 
"node_modules/react-icons/fi/index.mjs".
   [38;5;246mΓò¡[0m[38;5;246mΓöÇ[0m[38;5;246m
[[0m src/pages/admin/Announcements.jsx:2:10 
[38;5;246m][0m
   [38;5;246mΓöé[0m
 [38;5;246m2 Γöé[0m [38;5;249mi[0m[38;5;249mm
[0m[38;5;249mp[0m[38;5;249mo[0m[38;5;249mr[
0m[38;5;249mt[0m[38;5;249m 
[0m[38;5;249m{[0m[38;5;249m 
[0mFiMegaphone[38;5;249m,[0m[38;5;249m [0m[3
8;5;249mF[0m[38;5;249mi[0m[38;5;249mP[0m[38;
5;249ml[0m[38;5;249mu[0m[38;5;249ms[0m[38;5;
249m,[0m[38;5;249m [0m[38;5;249mF[0m[38;5;24
9mi[0m[38;5;249mT[0m[38;5;249mr[0m[38;5;249m
a[0m[38;5;249ms[0m[38;5;249mh[0m[38;5;249m2
[0m[38;5;249m,[0m[38;5;249m [0m[38;5;249mF[0
m[38;5;249mi[0m[38;5;249mC[0m[38;5;249ml[0m
[38;5;249mo[0m[38;5;249mc[0m[38;5;249mk[0m[3
8;5;249m,[0m[38;5;249m [0m[38;5;249mF[0m[38;
5;249mi[0m[38;5;249mC[0m[38;5;249mh[0m[38;5;
249me[0m[38;5;249mc[0m[38;5;249mk[0m[38;5;24
9m,[0m[38;5;249m [0m[38;5;249mF[0m[38;5;249m
i[0m[38;5;249mX[0m[38;5;249m,[0m[38;5;249m 
[0m[38;5;249mF[0m[38;5;249mi[0m[38;5;249mI[0
m[38;5;249mn[0m[38;5;249mf[0m[38;5;249mo[0m
[38;5;249m,[0m[38;5;249m [0m[38;5;249mF[0m[3
8;5;249mi[0m[38;5;249mA[0m[38;5;249mr[0m[38;
5;249mr[0m[38;5;249mo[0m[38;5;249mw[0m[38;5;
249mL[0m[38;5;249me[0m[38;5;249mf[0m[38;5;24
9mt[0m[38;5;249m,[0m[38;5;249m [0m[38;5;249m
F[0m[38;5;249mi[0m[38;5;249mB[0m[38;5;249me
[0m[38;5;249ml[0m[38;5;249ml[0m[38;5;249m 
[0m[38;5;249m}[0m[38;5;249m [0m[38;5;249mf[
0m[38;5;249mr[0m[38;5;249mo[0m[38;5;249mm[0m
[38;5;249m [0m[38;5;249m"[0m[38;5;249mr[0m[
38;5;249me[0m[38;5;249ma[0m[38;5;249mc[0m[38
;5;249mt[0m[38;5;249m-[0m[38;5;249mi[0m[38;5
;249mc[0m[38;5;249mo[0m[38;5;249mn[0m[38;5;2
49ms[0m[38;5;249m/[0m[38;5;249mf[0m[38;5;249
mi[0m[38;5;249m"[0m[38;5;249m;[0m
 [38;5;240m  Γöé[0m          
ΓöÇΓöÇΓöÇΓöÇΓöÇΓö¼ΓöÇΓöÇΓöÇΓöÇΓöÇ  
 [38;5;240m  Γöé[0m               
Γò░ΓöÇΓöÇΓöÇΓöÇΓöÇΓöÇΓöÇ Missing export
[38;5;246mΓöÇΓöÇΓöÇΓò»[0m
[31m
    at aggregateBindingErrorsIntoJsError (file:///
C:/Users/KIIT0001/Downloads/Minor_Project/client/n
ode_modules/rolldown/dist/shared/error-BYPsvVEN.mj
s:52:18)
    at unwrapBindingResult (file:///C:/Users/KIIT0
001/Downloads/Minor_Project/client/node_modules/ro
lldown/dist/shared/error-BYPsvVEN.mjs:22:128)
    at #build (file:///C:/Users/KIIT0001/Downloads
/Minor_Project/client/node_modules/rolldown/dist/s
hared/rolldown-build-BsRSEDqH.mjs:3356:34)
    at async buildEnvironment (file:///C:/Users/KI
IT0001/Downloads/Minor_Project/client/node_modules
/vite/dist/node/chunks/node.js:32703:64)
    at async Object.build (file:///C:/Users/KIIT00
01/Downloads/Minor_Project/client/node_modules/vit
e/dist/node/chunks/node.js:33125:19)
    at async Object.buildApp (file:///C:/Users/KII
T0001/Downloads/Minor_Project/client/node_modules/
vite/dist/node/chunks/node.js:33122:153)
    at async CAC.<anonymous> (file:///C:/Users/KII
T0001/Downloads/Minor_Project/client/node_modules/
vite/dist/node/cli.js:642:3) {
  errors: [Getter/Setter]
}[39m
